// Jest Snapshot v1, https://goo.gl/fbAQLP

exports[`render TableUsers 1`] = `
<RCTScrollView
  contentContainerStyle={
    Object {
      "flexDirection": "row",
    }
  }
  horizontal={true}
>
  <View>
    <RCTScrollView
      ListEmptyComponent={
        <Text
          style={
            Object {
              "padding": 20,
              "textAlign": "center",
              "width": 750,
            }
          }
        >
          Ничего не найдено
        </Text>
      }
      ListHeaderComponent={[Function]}
      data={
        Array [
          Object {
            "address": Object {
              "city": "Gwenborough",
              "geo": Object {
                "lat": "-37.3159",
                "lng": "81.1496",
              },
              "street": "Kulas Light",
              "suite": "Apt. 556",
              "zipcode": "92998-3874",
            },
            "company": Object {
              "bs": "harness real-time e-markets",
              "catchPhrase": "Multi-layered client-server neural-net",
              "name": "Romaguera-Crona",
            },
            "email": "Sincere@april.biz",
            "id": 1,
            "name": "Leanne Graham",
            "phone": "1-770-736-8031 x56442",
            "username": "Bret",
            "website": "hildegard.org",
          },
          Object {
            "address": Object {
              "city": "Wisokyburgh",
              "geo": Object {
                "lat": "-43.9509",
                "lng": "-34.4618",
              },
              "street": "Victor Plains",
              "suite": "Suite 879",
              "zipcode": "90566-7771",
            },
            "company": Object {
              "bs": "synergize scalable supply-chains",
              "catchPhrase": "Proactive didactic contingency",
              "name": "Deckow-Crist",
            },
            "email": "Shanna@melissa.tv",
            "id": 2,
            "name": "Ervin Howell",
            "phone": "010-692-6593 x09125",
            "username": "Antonette",
            "website": "anastasia.net",
          },
          Object {
            "address": Object {
              "city": "McKenziehaven",
              "geo": Object {
                "lat": "-68.6102",
                "lng": "-47.0653",
              },
              "street": "Douglas Extension",
              "suite": "Suite 847",
              "zipcode": "59590-4157",
            },
            "company": Object {
              "bs": "e-enable strategic applications",
              "catchPhrase": "Face to face bifurcated interface",
              "name": "Romaguera-Jacobson",
            },
            "email": "Nathan@yesenia.net",
            "id": 3,
            "name": "Clementine Bauch",
            "phone": "1-463-123-4447",
            "username": "Samantha",
            "website": "ramiro.info",
          },
          Object {
            "address": Object {
              "city": "South Elvis",
              "geo": Object {
                "lat": "29.4572",
                "lng": "-164.2990",
              },
              "street": "Hoeger Mall",
              "suite": "Apt. 692",
              "zipcode": "53919-4257",
            },
            "company": Object {
              "bs": "transition cutting-edge web services",
              "catchPhrase": "Multi-tiered zero tolerance productivity",
              "name": "Robel-Corkery",
            },
            "email": "Julianne.OConner@kory.org",
            "id": 4,
            "name": "Patricia Lebsack",
            "phone": "493-170-9623 x156",
            "username": "Karianne",
            "website": "kale.biz",
          },
          Object {
            "address": Object {
              "city": "Roscoeview",
              "geo": Object {
                "lat": "-31.8129",
                "lng": "62.5342",
              },
              "street": "Skiles Walks",
              "suite": "Suite 351",
              "zipcode": "33263",
            },
            "company": Object {
              "bs": "revolutionize end-to-end systems",
              "catchPhrase": "User-centric fault-tolerant solution",
              "name": "Keebler LLC",
            },
            "email": "Lucio_Hettinger@annie.ca",
            "id": 5,
            "name": "Chelsey Dietrich",
            "phone": "(254)954-1289",
            "username": "Kamren",
            "website": "demarco.info",
          },
          Object {
            "address": Object {
              "city": "South Christy",
              "geo": Object {
                "lat": "-71.4197",
                "lng": "71.7478",
              },
              "street": "Norberto Crossing",
              "suite": "Apt. 950",
              "zipcode": "23505-1337",
            },
            "company": Object {
              "bs": "e-enable innovative applications",
              "catchPhrase": "Synchronised bottom-line interface",
              "name": "Considine-Lockman",
            },
            "email": "Karley_Dach@jasper.info",
            "id": 6,
            "name": "Mrs. Dennis Schulist",
            "phone": "1-477-935-8478 x6430",
            "username": "Leopoldo_Corkery",
            "website": "ola.org",
          },
          Object {
            "address": Object {
              "city": "Howemouth",
              "geo": Object {
                "lat": "24.8918",
                "lng": "21.8984",
              },
              "street": "Rex Trail",
              "suite": "Suite 280",
              "zipcode": "58804-1099",
            },
            "company": Object {
              "bs": "generate enterprise e-tailers",
              "catchPhrase": "Configurable multimedia task-force",
              "name": "Johns Group",
            },
            "email": "Telly.Hoeger@billy.biz",
            "id": 7,
            "name": "Kurtis Weissnat",
            "phone": "210.067.6132",
            "username": "Elwyn.Skiles",
            "website": "elvis.io",
          },
          Object {
            "address": Object {
              "city": "Aliyaview",
              "geo": Object {
                "lat": "-14.3990",
                "lng": "-120.7677",
              },
              "street": "Ellsworth Summit",
              "suite": "Suite 729",
              "zipcode": "45169",
            },
            "company": Object {
              "bs": "e-enable extensible e-tailers",
              "catchPhrase": "Implemented secondary concept",
              "name": "Abernathy Group",
            },
            "email": "Sherwood@rosamond.me",
            "id": 8,
            "name": "Nicholas Runolfsdottir V",
            "phone": "586.493.6943 x140",
            "username": "Maxime_Nienow",
            "website": "jacynthe.com",
          },
          Object {
            "address": Object {
              "city": "Bartholomebury",
              "geo": Object {
                "lat": "24.6463",
                "lng": "-168.8889",
              },
              "street": "Dayna Park",
              "suite": "Suite 449",
              "zipcode": "76495-3109",
            },
            "company": Object {
              "bs": "aggregate real-time technologies",
              "catchPhrase": "Switchable contextually-based project",
              "name": "Yost and Sons",
            },
            "email": "Chaim_McDermott@dana.io",
            "id": 9,
            "name": "Glenna Reichert",
            "phone": "(775)976-6794 x41206",
            "username": "Delphine",
            "website": "conrad.com",
          },
          Object {
            "address": Object {
              "city": "Lebsackbury",
              "geo": Object {
                "lat": "-38.2386",
                "lng": "57.2232",
              },
              "street": "Kattie Turnpike",
              "suite": "Suite 198",
              "zipcode": "31428-2261",
            },
            "company": Object {
              "bs": "target end-to-end models",
              "catchPhrase": "Centralized empowering task-force",
              "name": "Hoeger LLC",
            },
            "email": "Rey.Padberg@karina.biz",
            "id": 10,
            "name": "Clementina DuBuque",
            "phone": "024-648-3804",
            "username": "Moriah.Stanton",
            "website": "ambrose.net",
          },
        ]
      }
      disableVirtualization={false}
      getItem={[Function]}
      getItemCount={[Function]}
      horizontal={false}
      initialNumToRender={10}
      keyExtractor={[Function]}
      maxToRenderPerBatch={10}
      numColumns={1}
      onContentSizeChange={[Function]}
      onEndReachedThreshold={2}
      onLayout={[Function]}
      onMomentumScrollEnd={[Function]}
      onScroll={[Function]}
      onScrollBeginDrag={[Function]}
      onScrollEndDrag={[Function]}
      removeClippedSubviews={false}
      renderItem={[Function]}
      scrollEventThrottle={50}
      stickyHeaderIndices={Array []}
      style={
        Array [
          Object {
            "flex": 0,
          },
          undefined,
        ]
      }
      updateCellsBatchingPeriod={50}
      viewabilityConfigCallbackPairs={Array []}
      windowSize={21}
    >
      <View>
        <View
          onLayout={[Function]}
        >
          <View
            style={
              Array [
                Object {
                  "alignItems": "center",
                  "borderBottomWidth": 1,
                  "borderColor": "#e9e9e9",
                  "borderStyle": "solid",
                  "flexDirection": "row",
                },
                Object {
                  "backgroundColor": "#e4ecf5",
                },
              ]
            }
          >
            <Text
              style={
                Array [
                  Object {
                    "padding": 10,
                  },
                  Object {
                    "fontSize": 16,
                    "fontWeight": "500",
                  },
                  Object {
                    "width": 100,
                  },
                ]
              }
            >
              Name
            </Text>
            <Text
              style={
                Array [
                  Object {
                    "padding": 10,
                  },
                  Object {
                    "fontSize": 16,
                    "fontWeight": "500",
                  },
                  Object {
                    "width": 120,
                  },
                ]
              }
            >
              UserName
            </Text>
            <Text
              style={
                Array [
                  Object {
                    "padding": 10,
                  },
                  Object {
                    "fontSize": 16,
                    "fontWeight": "500",
                  },
                  Object {
                    "width": 120,
                  },
                ]
              }
            >
              Email
            </Text>
            <Text
              style={
                Array [
                  Object {
                    "padding": 10,
                  },
                  Object {
                    "fontSize": 16,
                    "fontWeight": "500",
                  },
                  Object {
                    "width": 220,
                  },
                ]
              }
            >
              Address
            </Text>
            <Text
              style={
                Array [
                  Object {
                    "padding": 10,
                  },
                  Object {
                    "fontSize": 16,
                    "fontWeight": "500",
                  },
                  Object {
                    "width": 170,
                  },
                ]
              }
            >
              Phone
            </Text>
            <Text
              style={
                Array [
                  Object {
                    "padding": 10,
                  },
                  Object {
                    "fontSize": 16,
                    "fontWeight": "500",
                  },
                  Object {
                    "width": 170,
                  },
                ]
              }
            >
              Website
            </Text>
            <Text
              style={
                Array [
                  Object {
                    "padding": 10,
                  },
                  Object {
                    "fontSize": 16,
                    "fontWeight": "500",
                  },
                  Object {
                    "width": 220,
                  },
                ]
              }
            >
              Company
            </Text>
          </View>
        </View>
        <View
          onLayout={[Function]}
          style={null}
        >
          <View
            style={
              Object {
                "alignItems": "center",
                "borderBottomWidth": 1,
                "borderColor": "#e9e9e9",
                "borderStyle": "solid",
                "flexDirection": "row",
              }
            }
          >
            <Text
              style={
                Array [
                  Object {
                    "padding": 10,
                  },
                  Object {
                    "width": 100,
                  },
                ]
              }
            >
              Leanne Graham
            </Text>
            <Text
              style={
                Array [
                  Object {
                    "padding": 10,
                  },
                  Object {
                    "width": 120,
                  },
                ]
              }
            >
              Bret
            </Text>
            <Text
              style={
                Array [
                  Object {
                    "padding": 10,
                  },
                  Object {
                    "width": 120,
                  },
                ]
              }
            >
              Sincere@april.biz
            </Text>
            <View
              style={
                Array [
                  Object {
                    "padding": 10,
                  },
                  Object {
                    "width": 220,
                  },
                ]
              }
            >
              <Text>
                Street: Kulas Light
              </Text>
              <Text>
                Suite: Apt. 556
              </Text>
              <Text>
                City: Gwenborough
              </Text>
              <Text>
                Zipcode: 92998-3874
              </Text>
              <Text>
                Coords: -37.3159 81.1496
              </Text>
            </View>
            <Text
              style={
                Array [
                  Object {
                    "padding": 10,
                  },
                  Object {
                    "width": 170,
                  },
                ]
              }
            >
              1-770-736-8031 x56442
            </Text>
            <Text
              style={
                Array [
                  Object {
                    "padding": 10,
                  },
                  Object {
                    "width": 170,
                  },
                ]
              }
            >
              hildegard.org
            </Text>
            <View
              style={
                Array [
                  Object {
                    "padding": 10,
                  },
                  Object {
                    "width": 220,
                  },
                ]
              }
            >
              <Text>
                Name: Romaguera-Crona
              </Text>
              <Text>
                Catch Phrase: Multi-layered client-server neural-net
              </Text>
              <Text>
                BS: harness real-time e-markets
              </Text>
            </View>
          </View>
        </View>
        <View
          onLayout={[Function]}
          style={null}
        >
          <View
            style={
              Object {
                "alignItems": "center",
                "borderBottomWidth": 1,
                "borderColor": "#e9e9e9",
                "borderStyle": "solid",
                "flexDirection": "row",
              }
            }
          >
            <Text
              style={
                Array [
                  Object {
                    "padding": 10,
                  },
                  Object {
                    "width": 100,
                  },
                ]
              }
            >
              Ervin Howell
            </Text>
            <Text
              style={
                Array [
                  Object {
                    "padding": 10,
                  },
                  Object {
                    "width": 120,
                  },
                ]
              }
            >
              Antonette
            </Text>
            <Text
              style={
                Array [
                  Object {
                    "padding": 10,
                  },
                  Object {
                    "width": 120,
                  },
                ]
              }
            >
              Shanna@melissa.tv
            </Text>
            <View
              style={
                Array [
                  Object {
                    "padding": 10,
                  },
                  Object {
                    "width": 220,
                  },
                ]
              }
            >
              <Text>
                Street: Victor Plains
              </Text>
              <Text>
                Suite: Suite 879
              </Text>
              <Text>
                City: Wisokyburgh
              </Text>
              <Text>
                Zipcode: 90566-7771
              </Text>
              <Text>
                Coords: -43.9509 -34.4618
              </Text>
            </View>
            <Text
              style={
                Array [
                  Object {
                    "padding": 10,
                  },
                  Object {
                    "width": 170,
                  },
                ]
              }
            >
              010-692-6593 x09125
            </Text>
            <Text
              style={
                Array [
                  Object {
                    "padding": 10,
                  },
                  Object {
                    "width": 170,
                  },
                ]
              }
            >
              anastasia.net
            </Text>
            <View
              style={
                Array [
                  Object {
                    "padding": 10,
                  },
                  Object {
                    "width": 220,
                  },
                ]
              }
            >
              <Text>
                Name: Deckow-Crist
              </Text>
              <Text>
                Catch Phrase: Proactive didactic contingency
              </Text>
              <Text>
                BS: synergize scalable supply-chains
              </Text>
            </View>
          </View>
        </View>
        <View
          onLayout={[Function]}
          style={null}
        >
          <View
            style={
              Object {
                "alignItems": "center",
                "borderBottomWidth": 1,
                "borderColor": "#e9e9e9",
                "borderStyle": "solid",
                "flexDirection": "row",
              }
            }
          >
            <Text
              style={
                Array [
                  Object {
                    "padding": 10,
                  },
                  Object {
                    "width": 100,
                  },
                ]
              }
            >
              Clementine Bauch
            </Text>
            <Text
              style={
                Array [
                  Object {
                    "padding": 10,
                  },
                  Object {
                    "width": 120,
                  },
                ]
              }
            >
              Samantha
            </Text>
            <Text
              style={
                Array [
                  Object {
                    "padding": 10,
                  },
                  Object {
                    "width": 120,
                  },
                ]
              }
            >
              Nathan@yesenia.net
            </Text>
            <View
              style={
                Array [
                  Object {
                    "padding": 10,
                  },
                  Object {
                    "width": 220,
                  },
                ]
              }
            >
              <Text>
                Street: Douglas Extension
              </Text>
              <Text>
                Suite: Suite 847
              </Text>
              <Text>
                City: McKenziehaven
              </Text>
              <Text>
                Zipcode: 59590-4157
              </Text>
              <Text>
                Coords: -68.6102 -47.0653
              </Text>
            </View>
            <Text
              style={
                Array [
                  Object {
                    "padding": 10,
                  },
                  Object {
                    "width": 170,
                  },
                ]
              }
            >
              1-463-123-4447
            </Text>
            <Text
              style={
                Array [
                  Object {
                    "padding": 10,
                  },
                  Object {
                    "width": 170,
                  },
                ]
              }
            >
              ramiro.info
            </Text>
            <View
              style={
                Array [
                  Object {
                    "padding": 10,
                  },
                  Object {
                    "width": 220,
                  },
                ]
              }
            >
              <Text>
                Name: Romaguera-Jacobson
              </Text>
              <Text>
                Catch Phrase: Face to face bifurcated interface
              </Text>
              <Text>
                BS: e-enable strategic applications
              </Text>
            </View>
          </View>
        </View>
        <View
          onLayout={[Function]}
          style={null}
        >
          <View
            style={
              Object {
                "alignItems": "center",
                "borderBottomWidth": 1,
                "borderColor": "#e9e9e9",
                "borderStyle": "solid",
                "flexDirection": "row",
              }
            }
          >
            <Text
              style={
                Array [
                  Object {
                    "padding": 10,
                  },
                  Object {
                    "width": 100,
                  },
                ]
              }
            >
              Patricia Lebsack
            </Text>
            <Text
              style={
                Array [
                  Object {
                    "padding": 10,
                  },
                  Object {
                    "width": 120,
                  },
                ]
              }
            >
              Karianne
            </Text>
            <Text
              style={
                Array [
                  Object {
                    "padding": 10,
                  },
                  Object {
                    "width": 120,
                  },
                ]
              }
            >
              Julianne.OConner@kory.org
            </Text>
            <View
              style={
                Array [
                  Object {
                    "padding": 10,
                  },
                  Object {
                    "width": 220,
                  },
                ]
              }
            >
              <Text>
                Street: Hoeger Mall
              </Text>
              <Text>
                Suite: Apt. 692
              </Text>
              <Text>
                City: South Elvis
              </Text>
              <Text>
                Zipcode: 53919-4257
              </Text>
              <Text>
                Coords: 29.4572 -164.2990
              </Text>
            </View>
            <Text
              style={
                Array [
                  Object {
                    "padding": 10,
                  },
                  Object {
                    "width": 170,
                  },
                ]
              }
            >
              493-170-9623 x156
            </Text>
            <Text
              style={
                Array [
                  Object {
                    "padding": 10,
                  },
                  Object {
                    "width": 170,
                  },
                ]
              }
            >
              kale.biz
            </Text>
            <View
              style={
                Array [
                  Object {
                    "padding": 10,
                  },
                  Object {
                    "width": 220,
                  },
                ]
              }
            >
              <Text>
                Name: Robel-Corkery
              </Text>
              <Text>
                Catch Phrase: Multi-tiered zero tolerance productivity
              </Text>
              <Text>
                BS: transition cutting-edge web services
              </Text>
            </View>
          </View>
        </View>
        <View
          onLayout={[Function]}
          style={null}
        >
          <View
            style={
              Object {
                "alignItems": "center",
                "borderBottomWidth": 1,
                "borderColor": "#e9e9e9",
                "borderStyle": "solid",
                "flexDirection": "row",
              }
            }
          >
            <Text
              style={
                Array [
                  Object {
                    "padding": 10,
                  },
                  Object {
                    "width": 100,
                  },
                ]
              }
            >
              Chelsey Dietrich
            </Text>
            <Text
              style={
                Array [
                  Object {
                    "padding": 10,
                  },
                  Object {
                    "width": 120,
                  },
                ]
              }
            >
              Kamren
            </Text>
            <Text
              style={
                Array [
                  Object {
                    "padding": 10,
                  },
                  Object {
                    "width": 120,
                  },
                ]
              }
            >
              Lucio_Hettinger@annie.ca
            </Text>
            <View
              style={
                Array [
                  Object {
                    "padding": 10,
                  },
                  Object {
                    "width": 220,
                  },
                ]
              }
            >
              <Text>
                Street: Skiles Walks
              </Text>
              <Text>
                Suite: Suite 351
              </Text>
              <Text>
                City: Roscoeview
              </Text>
              <Text>
                Zipcode: 33263
              </Text>
              <Text>
                Coords: -31.8129 62.5342
              </Text>
            </View>
            <Text
              style={
                Array [
                  Object {
                    "padding": 10,
                  },
                  Object {
                    "width": 170,
                  },
                ]
              }
            >
              (254)954-1289
            </Text>
            <Text
              style={
                Array [
                  Object {
                    "padding": 10,
                  },
                  Object {
                    "width": 170,
                  },
                ]
              }
            >
              demarco.info
            </Text>
            <View
              style={
                Array [
                  Object {
                    "padding": 10,
                  },
                  Object {
                    "width": 220,
                  },
                ]
              }
            >
              <Text>
                Name: Keebler LLC
              </Text>
              <Text>
                Catch Phrase: User-centric fault-tolerant solution
              </Text>
              <Text>
                BS: revolutionize end-to-end systems
              </Text>
            </View>
          </View>
        </View>
        <View
          onLayout={[Function]}
          style={null}
        >
          <View
            style={
              Object {
                "alignItems": "center",
                "borderBottomWidth": 1,
                "borderColor": "#e9e9e9",
                "borderStyle": "solid",
                "flexDirection": "row",
              }
            }
          >
            <Text
              style={
                Array [
                  Object {
                    "padding": 10,
                  },
                  Object {
                    "width": 100,
                  },
                ]
              }
            >
              Mrs. Dennis Schulist
            </Text>
            <Text
              style={
                Array [
                  Object {
                    "padding": 10,
                  },
                  Object {
                    "width": 120,
                  },
                ]
              }
            >
              Leopoldo_Corkery
            </Text>
            <Text
              style={
                Array [
                  Object {
                    "padding": 10,
                  },
                  Object {
                    "width": 120,
                  },
                ]
              }
            >
              Karley_Dach@jasper.info
            </Text>
            <View
              style={
                Array [
                  Object {
                    "padding": 10,
                  },
                  Object {
                    "width": 220,
                  },
                ]
              }
            >
              <Text>
                Street: Norberto Crossing
              </Text>
              <Text>
                Suite: Apt. 950
              </Text>
              <Text>
                City: South Christy
              </Text>
              <Text>
                Zipcode: 23505-1337
              </Text>
              <Text>
                Coords: -71.4197 71.7478
              </Text>
            </View>
            <Text
              style={
                Array [
                  Object {
                    "padding": 10,
                  },
                  Object {
                    "width": 170,
                  },
                ]
              }
            >
              1-477-935-8478 x6430
            </Text>
            <Text
              style={
                Array [
                  Object {
                    "padding": 10,
                  },
                  Object {
                    "width": 170,
                  },
                ]
              }
            >
              ola.org
            </Text>
            <View
              style={
                Array [
                  Object {
                    "padding": 10,
                  },
                  Object {
                    "width": 220,
                  },
                ]
              }
            >
              <Text>
                Name: Considine-Lockman
              </Text>
              <Text>
                Catch Phrase: Synchronised bottom-line interface
              </Text>
              <Text>
                BS: e-enable innovative applications
              </Text>
            </View>
          </View>
        </View>
        <View
          onLayout={[Function]}
          style={null}
        >
          <View
            style={
              Object {
                "alignItems": "center",
                "borderBottomWidth": 1,
                "borderColor": "#e9e9e9",
                "borderStyle": "solid",
                "flexDirection": "row",
              }
            }
          >
            <Text
              style={
                Array [
                  Object {
                    "padding": 10,
                  },
                  Object {
                    "width": 100,
                  },
                ]
              }
            >
              Kurtis Weissnat
            </Text>
            <Text
              style={
                Array [
                  Object {
                    "padding": 10,
                  },
                  Object {
                    "width": 120,
                  },
                ]
              }
            >
              Elwyn.Skiles
            </Text>
            <Text
              style={
                Array [
                  Object {
                    "padding": 10,
                  },
                  Object {
                    "width": 120,
                  },
                ]
              }
            >
              Telly.Hoeger@billy.biz
            </Text>
            <View
              style={
                Array [
                  Object {
                    "padding": 10,
                  },
                  Object {
                    "width": 220,
                  },
                ]
              }
            >
              <Text>
                Street: Rex Trail
              </Text>
              <Text>
                Suite: Suite 280
              </Text>
              <Text>
                City: Howemouth
              </Text>
              <Text>
                Zipcode: 58804-1099
              </Text>
              <Text>
                Coords: 24.8918 21.8984
              </Text>
            </View>
            <Text
              style={
                Array [
                  Object {
                    "padding": 10,
                  },
                  Object {
                    "width": 170,
                  },
                ]
              }
            >
              210.067.6132
            </Text>
            <Text
              style={
                Array [
                  Object {
                    "padding": 10,
                  },
                  Object {
                    "width": 170,
                  },
                ]
              }
            >
              elvis.io
            </Text>
            <View
              style={
                Array [
                  Object {
                    "padding": 10,
                  },
                  Object {
                    "width": 220,
                  },
                ]
              }
            >
              <Text>
                Name: Johns Group
              </Text>
              <Text>
                Catch Phrase: Configurable multimedia task-force
              </Text>
              <Text>
                BS: generate enterprise e-tailers
              </Text>
            </View>
          </View>
        </View>
        <View
          onLayout={[Function]}
          style={null}
        >
          <View
            style={
              Object {
                "alignItems": "center",
                "borderBottomWidth": 1,
                "borderColor": "#e9e9e9",
                "borderStyle": "solid",
                "flexDirection": "row",
              }
            }
          >
            <Text
              style={
                Array [
                  Object {
                    "padding": 10,
                  },
                  Object {
                    "width": 100,
                  },
                ]
              }
            >
              Nicholas Runolfsdottir V
            </Text>
            <Text
              style={
                Array [
                  Object {
                    "padding": 10,
                  },
                  Object {
                    "width": 120,
                  },
                ]
              }
            >
              Maxime_Nienow
            </Text>
            <Text
              style={
                Array [
                  Object {
                    "padding": 10,
                  },
                  Object {
                    "width": 120,
                  },
                ]
              }
            >
              Sherwood@rosamond.me
            </Text>
            <View
              style={
                Array [
                  Object {
                    "padding": 10,
                  },
                  Object {
                    "width": 220,
                  },
                ]
              }
            >
              <Text>
                Street: Ellsworth Summit
              </Text>
              <Text>
                Suite: Suite 729
              </Text>
              <Text>
                City: Aliyaview
              </Text>
              <Text>
                Zipcode: 45169
              </Text>
              <Text>
                Coords: -14.3990 -120.7677
              </Text>
            </View>
            <Text
              style={
                Array [
                  Object {
                    "padding": 10,
                  },
                  Object {
                    "width": 170,
                  },
                ]
              }
            >
              586.493.6943 x140
            </Text>
            <Text
              style={
                Array [
                  Object {
                    "padding": 10,
                  },
                  Object {
                    "width": 170,
                  },
                ]
              }
            >
              jacynthe.com
            </Text>
            <View
              style={
                Array [
                  Object {
                    "padding": 10,
                  },
                  Object {
                    "width": 220,
                  },
                ]
              }
            >
              <Text>
                Name: Abernathy Group
              </Text>
              <Text>
                Catch Phrase: Implemented secondary concept
              </Text>
              <Text>
                BS: e-enable extensible e-tailers
              </Text>
            </View>
          </View>
        </View>
        <View
          onLayout={[Function]}
          style={null}
        >
          <View
            style={
              Object {
                "alignItems": "center",
                "borderBottomWidth": 1,
                "borderColor": "#e9e9e9",
                "borderStyle": "solid",
                "flexDirection": "row",
              }
            }
          >
            <Text
              style={
                Array [
                  Object {
                    "padding": 10,
                  },
                  Object {
                    "width": 100,
                  },
                ]
              }
            >
              Glenna Reichert
            </Text>
            <Text
              style={
                Array [
                  Object {
                    "padding": 10,
                  },
                  Object {
                    "width": 120,
                  },
                ]
              }
            >
              Delphine
            </Text>
            <Text
              style={
                Array [
                  Object {
                    "padding": 10,
                  },
                  Object {
                    "width": 120,
                  },
                ]
              }
            >
              Chaim_McDermott@dana.io
            </Text>
            <View
              style={
                Array [
                  Object {
                    "padding": 10,
                  },
                  Object {
                    "width": 220,
                  },
                ]
              }
            >
              <Text>
                Street: Dayna Park
              </Text>
              <Text>
                Suite: Suite 449
              </Text>
              <Text>
                City: Bartholomebury
              </Text>
              <Text>
                Zipcode: 76495-3109
              </Text>
              <Text>
                Coords: 24.6463 -168.8889
              </Text>
            </View>
            <Text
              style={
                Array [
                  Object {
                    "padding": 10,
                  },
                  Object {
                    "width": 170,
                  },
                ]
              }
            >
              (775)976-6794 x41206
            </Text>
            <Text
              style={
                Array [
                  Object {
                    "padding": 10,
                  },
                  Object {
                    "width": 170,
                  },
                ]
              }
            >
              conrad.com
            </Text>
            <View
              style={
                Array [
                  Object {
                    "padding": 10,
                  },
                  Object {
                    "width": 220,
                  },
                ]
              }
            >
              <Text>
                Name: Yost and Sons
              </Text>
              <Text>
                Catch Phrase: Switchable contextually-based project
              </Text>
              <Text>
                BS: aggregate real-time technologies
              </Text>
            </View>
          </View>
        </View>
        <View
          onLayout={[Function]}
          style={null}
        >
          <View
            style={
              Object {
                "alignItems": "center",
                "borderBottomWidth": 1,
                "borderColor": "#e9e9e9",
                "borderStyle": "solid",
                "flexDirection": "row",
              }
            }
          >
            <Text
              style={
                Array [
                  Object {
                    "padding": 10,
                  },
                  Object {
                    "width": 100,
                  },
                ]
              }
            >
              Clementina DuBuque
            </Text>
            <Text
              style={
                Array [
                  Object {
                    "padding": 10,
                  },
                  Object {
                    "width": 120,
                  },
                ]
              }
            >
              Moriah.Stanton
            </Text>
            <Text
              style={
                Array [
                  Object {
                    "padding": 10,
                  },
                  Object {
                    "width": 120,
                  },
                ]
              }
            >
              Rey.Padberg@karina.biz
            </Text>
            <View
              style={
                Array [
                  Object {
                    "padding": 10,
                  },
                  Object {
                    "width": 220,
                  },
                ]
              }
            >
              <Text>
                Street: Kattie Turnpike
              </Text>
              <Text>
                Suite: Suite 198
              </Text>
              <Text>
                City: Lebsackbury
              </Text>
              <Text>
                Zipcode: 31428-2261
              </Text>
              <Text>
                Coords: -38.2386 57.2232
              </Text>
            </View>
            <Text
              style={
                Array [
                  Object {
                    "padding": 10,
                  },
                  Object {
                    "width": 170,
                  },
                ]
              }
            >
              024-648-3804
            </Text>
            <Text
              style={
                Array [
                  Object {
                    "padding": 10,
                  },
                  Object {
                    "width": 170,
                  },
                ]
              }
            >
              ambrose.net
            </Text>
            <View
              style={
                Array [
                  Object {
                    "padding": 10,
                  },
                  Object {
                    "width": 220,
                  },
                ]
              }
            >
              <Text>
                Name: Hoeger LLC
              </Text>
              <Text>
                Catch Phrase: Centralized empowering task-force
              </Text>
              <Text>
                BS: target end-to-end models
              </Text>
            </View>
          </View>
        </View>
      </View>
    </RCTScrollView>
  </View>
</RCTScrollView>
`;
